Component: ARM Compiler 5.06 update 6 (build 750) Tool: armlink [4d35ed]

==============================================================================

Section Cross References

    task3v2.o(RESET) refers to task3v2.o(c02t02_Code) for Reset_Handler
    task3v2.o(c02t02_Code) refers to task3v2.o(c02t02_Data) for filtered


==============================================================================

Image Symbol Table

    Local Symbols

    Symbol Name                              Value     Ov Type        Size  Object(Section)

    RESET                                    0x00000000   Section        8  task3v2.o(RESET)
    task3v2.s                                0x00000000   Number         0  task3v2.o ABSOLUTE
    c02t02_Code                              0x00000008   Section      136  task3v2.o(c02t02_Code)
    sampled                                  0x00000078   Data           0  task3v2.o(c02t02_Code)
    c02t02_Data                              0x20000000   Section        9  task3v2.o(c02t02_Data)
    filtered                                 0x20000000   Data           0  task3v2.o(c02t02_Data)

    Global Symbols

    Symbol Name                              Value     Ov Type        Size  Object(Section)

    BuildAttributes$$THM_ISAv4$E$P$D$K$B$S$7EM$PE$A:L22UL41UL21$X:L11$S22US41US21$IEEE1$IW$USESV6$~STKCKD$USESV7$~SHL$OSPACE$EBA8$STANDARDLIB$PRES8$EABIv2 0x00000000   Number         0  anon$$obj.o ABSOLUTE
    __Vectors                                0x00000000   Data           0  task3v2.o(RESET)
    Reset_Handler                            0x00000009   Thumb Code     0  task3v2.o(c02t02_Code)



==============================================================================

Memory Map of the image

  Image Entry point : 0x00000009

  Load Region LR_1 (Base: 0x00000000, Size: 0x0000009c, Max: 0xffffffff, ABSOLUTE)

    Execution Region ER_RO (Exec base: 0x00000000, Load base: 0x00000000, Size: 0x00000090, Max: 0xffffffff, ABSOLUTE)

    Exec Addr    Load Addr    Size         Type   Attr      Idx    E Section Name        Object

    0x00000000   0x00000000   0x00000008   Code   RO            1    RESET               task3v2.o
    0x00000008   0x00000008   0x00000088   Code   RO            2  * c02t02_Code         task3v2.o


    Execution Region ER_RW (Exec base: 0x20000000, Load base: 0x00000090, Size: 0x0000000c, Max: 0xffffffff, ABSOLUTE)

    Exec Addr    Load Addr    Size         Type   Attr      Idx    E Section Name        Object

    0x20000000   0x00000090   0x00000009   Data   RW            3    c02t02_Data         task3v2.o


    Execution Region ER_ZI (Exec base: 0x2000000c, Load base: 0x0000009c, Size: 0x00000000, Max: 0xffffffff, ABSOLUTE)

    **** No section assigned to this execution region ****


==============================================================================

Image component sizes


      Code (inc. data)   RO Data    RW Data    ZI Data      Debug   Object Name

       144         34          0          9          0        456   task3v2.o

    ----------------------------------------------------------------------
       144         34          0         12          0        456   Object Totals
         0          0          0          0          0          0   (incl. Generated)
         0          0          0          3          0          0   (incl. Padding)

    ----------------------------------------------------------------------
         0          0          0          0          0          0   Library Totals
         0          0          0          0          0          0   (incl. Padding)

    ----------------------------------------------------------------------

==============================================================================


      Code (inc. data)   RO Data    RW Data    ZI Data      Debug   

       144         34          0         12          0        456   Grand Totals
       144         34          0         12          0        456   ELF Image Totals
       144         34          0         12          0          0   ROM Totals

==============================================================================

    Total RO  Size (Code + RO Data)                  144 (   0.14kB)
    Total RW  Size (RW Data + ZI Data)                12 (   0.01kB)
    Total ROM Size (Code + RO Data + RW Data)        156 (   0.15kB)

==============================================================================

