Component: ARM Compiler 5.06 update 6 (build 750) Tool: armlink [4d35ed]

==============================================================================

Section Cross References

    task2v1.o(RESET) refers to task2v1.o(c02t02_Code) for Reset_Handler
    task2v1.o(c02t02_Code) refers to task2v1.o(c02t02_Data) for filtered


==============================================================================

Image Symbol Table

    Local Symbols

    Symbol Name                              Value     Ov Type        Size  Object(Section)

    RESET                                    0x00000000   Section        8  task2v1.o(RESET)
    task2v1.s                                0x00000000   Number         0  task2v1.o ABSOLUTE
    c02t02_Code                              0x00000008   Section      140  task2v1.o(c02t02_Code)
    sampled                                  0x0000007c   Data           0  task2v1.o(c02t02_Code)
    c02t02_Data                              0x20000000   Section        9  task2v1.o(c02t02_Data)
    filtered                                 0x20000000   Data           0  task2v1.o(c02t02_Data)

    Global Symbols

    Symbol Name                              Value     Ov Type        Size  Object(Section)

    BuildAttributes$$THM_ISAv4$P$D$K$B$S$PE$A:L22UL41UL21$X:L11$S22US41US21$IEEE1$IW$USESV6$~STKCKD$USESV7$~SHL$OSPACE$EBA8$STANDARDLIB$PRES8$EABIv2 0x00000000   Number         0  anon$$obj.o ABSOLUTE
    __Vectors                                0x00000000   Data           0  task2v1.o(RESET)
    Reset_Handler                            0x00000009   Thumb Code     0  task2v1.o(c02t02_Code)



==============================================================================

Memory Map of the image

  Image Entry point : 0x00000009

  Load Region LR_1 (Base: 0x00000000, Size: 0x000000a0, Max: 0xffffffff, ABSOLUTE)

    Execution Region ER_RO (Exec base: 0x00000000, Load base: 0x00000000, Size: 0x00000094, Max: 0xffffffff, ABSOLUTE)

    Exec Addr    Load Addr    Size         Type   Attr      Idx    E Section Name        Object

    0x00000000   0x00000000   0x00000008   Code   RO            1    RESET               task2v1.o
    0x00000008   0x00000008   0x0000008c   Code   RO            2  * c02t02_Code         task2v1.o


    Execution Region ER_RW (Exec base: 0x20000000, Load base: 0x00000094, Size: 0x0000000c, Max: 0xffffffff, ABSOLUTE)

    Exec Addr    Load Addr    Size         Type   Attr      Idx    E Section Name        Object

    0x20000000   0x00000094   0x00000009   Data   RW            3    c02t02_Data         task2v1.o


    Execution Region ER_ZI (Exec base: 0x2000000c, Load base: 0x000000a0, Size: 0x00000000, Max: 0xffffffff, ABSOLUTE)

    **** No section assigned to this execution region ****


==============================================================================

Image component sizes


      Code (inc. data)   RO Data    RW Data    ZI Data      Debug   Object Name

       148         32          0          9          0        460   task2v1.o

    ----------------------------------------------------------------------
       148         32          0         12          0        460   Object Totals
         0          0          0          0          0          0   (incl. Generated)
         0          0          0          3          0          0   (incl. Padding)

    ----------------------------------------------------------------------
         0          0          0          0          0          0   Library Totals
         0          0          0          0          0          0   (incl. Padding)

    ----------------------------------------------------------------------

==============================================================================


      Code (inc. data)   RO Data    RW Data    ZI Data      Debug   

       148         32          0         12          0        460   Grand Totals
       148         32          0         12          0        460   ELF Image Totals
       148         32          0         12          0          0   ROM Totals

==============================================================================

    Total RO  Size (Code + RO Data)                  148 (   0.14kB)
    Total RW  Size (RW Data + ZI Data)                12 (   0.01kB)
    Total ROM Size (Code + RO Data + RW Data)        160 (   0.16kB)

==============================================================================

